Drill report for main.kicad_pcb
Created on 2026-02-19T06:16:12+0100

Copper Layer Stackup:
    =============================================================
    L1 :  F.Cu                      front
    L2 :  B.Cu                      back


Drill file 'main-PTH.drl' contains
    plated through holes:
    =============================================================
    T1  0.200mm  0.0079"  (1212 holes)
    T2  0.200mm  0.0079"  (12 holes)
    T3  0.300mm  0.0118"  (8 holes)
    T4  1.000mm  0.0394"  (40 holes)

    Total plated holes count 1272


Drill file 'main-NPTH.drl' contains
    unplated through holes:
    =============================================================
    T1  0.800mm  0.0315"  (2 holes)
    T2  2.700mm  0.1063"  (4 holes)

    Total unplated holes count 6
